Duplicated file found; will not be sent for synthesis: c:/Users/SKLTMW05/workspace/zc102_detection/zc102_detection.gen/sources_1/bd/mpsoc_preset/ip/mpsoc_preset_PL_VICFAR_AXIS_0_0/vicfar1_mult_gen_v12_0_i5/hdl/xbip_utils_v3_0_vh_rfs.vhd
Duplicated file found; will not be sent for synthesis: c:/Users/SKLTMW05/workspace/zc102_detection/zc102_detection.gen/sources_1/bd/mpsoc_preset/ip/mpsoc_preset_PL_VICFAR_AXIS_0_0/vicfar1_mult_gen_v12_0_i5/hdl/xbip_pipe_v3_0_vh_rfs.vhd
Duplicated file found; will not be sent for synthesis: c:/Users/SKLTMW05/workspace/zc102_detection/zc102_detection.gen/sources_1/bd/mpsoc_preset/ip/mpsoc_preset_PL_VICFAR_AXIS_0_0/vicfar1_mult_gen_v12_0_i5/hdl/xbip_bram18k_v3_0_vh_rfs.vhd
Duplicated file found; will not be sent for synthesis: c:/Users/SKLTMW05/workspace/zc102_detection/zc102_detection.gen/sources_1/bd/mpsoc_preset/ip/mpsoc_preset_PL_VICFAR_AXIS_0_0/vicfar1_mult_gen_v12_0_i5/hdl/mult_gen_v12_0_vh_rfs.vhd
Duplicated file found; will not be sent for synthesis: c:/Users/SKLTMW05/workspace/zc102_detection/zc102_detection.gen/sources_1/bd/mpsoc_preset/ip/mpsoc_preset_PL_VICFAR_AXIS_0_0/vicfar1_mult_gen_v12_0_i4/hdl/xbip_utils_v3_0_vh_rfs.vhd
Duplicated file found; will not be sent for synthesis: c:/Users/SKLTMW05/workspace/zc102_detection/zc102_detection.gen/sources_1/bd/mpsoc_preset/ip/mpsoc_preset_PL_VICFAR_AXIS_0_0/vicfar1_mult_gen_v12_0_i4/hdl/xbip_pipe_v3_0_vh_rfs.vhd
Duplicated file found; will not be sent for synthesis: c:/Users/SKLTMW05/workspace/zc102_detection/zc102_detection.gen/sources_1/bd/mpsoc_preset/ip/mpsoc_preset_PL_VICFAR_AXIS_0_0/vicfar1_mult_gen_v12_0_i4/hdl/xbip_bram18k_v3_0_vh_rfs.vhd
Duplicated file found; will not be sent for synthesis: c:/Users/SKLTMW05/workspace/zc102_detection/zc102_detection.gen/sources_1/bd/mpsoc_preset/ip/mpsoc_preset_PL_VICFAR_AXIS_0_0/vicfar1_mult_gen_v12_0_i4/hdl/mult_gen_v12_0_vh_rfs.vhd
Duplicated file found; will not be sent for synthesis: c:/Users/SKLTMW05/workspace/zc102_detection/zc102_detection.gen/sources_1/bd/mpsoc_preset/ip/mpsoc_preset_PL_VICFAR_AXIS_0_0/vicfar1_mult_gen_v12_0_i3/hdl/xbip_utils_v3_0_vh_rfs.vhd
Duplicated file found; will not be sent for synthesis: c:/Users/SKLTMW05/workspace/zc102_detection/zc102_detection.gen/sources_1/bd/mpsoc_preset/ip/mpsoc_preset_PL_VICFAR_AXIS_0_0/vicfar1_mult_gen_v12_0_i3/hdl/xbip_pipe_v3_0_vh_rfs.vhd
Duplicated file found; will not be sent for synthesis: c:/Users/SKLTMW05/workspace/zc102_detection/zc102_detection.gen/sources_1/bd/mpsoc_preset/ip/mpsoc_preset_PL_VICFAR_AXIS_0_0/vicfar1_mult_gen_v12_0_i3/hdl/xbip_bram18k_v3_0_vh_rfs.vhd
Duplicated file found; will not be sent for synthesis: c:/Users/SKLTMW05/workspace/zc102_detection/zc102_detection.gen/sources_1/bd/mpsoc_preset/ip/mpsoc_preset_PL_VICFAR_AXIS_0_0/vicfar1_mult_gen_v12_0_i3/hdl/mult_gen_v12_0_vh_rfs.vhd
Duplicated file found; will not be sent for synthesis: c:/Users/SKLTMW05/workspace/zc102_detection/zc102_detection.gen/sources_1/bd/mpsoc_preset/ip/mpsoc_preset_PL_VICFAR_AXIS_0_0/vicfar1_mult_gen_v12_0_i2/hdl/xbip_utils_v3_0_vh_rfs.vhd
Duplicated file found; will not be sent for synthesis: c:/Users/SKLTMW05/workspace/zc102_detection/zc102_detection.gen/sources_1/bd/mpsoc_preset/ip/mpsoc_preset_PL_VICFAR_AXIS_0_0/vicfar1_mult_gen_v12_0_i2/hdl/xbip_pipe_v3_0_vh_rfs.vhd
Duplicated file found; will not be sent for synthesis: c:/Users/SKLTMW05/workspace/zc102_detection/zc102_detection.gen/sources_1/bd/mpsoc_preset/ip/mpsoc_preset_PL_VICFAR_AXIS_0_0/vicfar1_mult_gen_v12_0_i2/hdl/xbip_bram18k_v3_0_vh_rfs.vhd
Duplicated file found; will not be sent for synthesis: c:/Users/SKLTMW05/workspace/zc102_detection/zc102_detection.gen/sources_1/bd/mpsoc_preset/ip/mpsoc_preset_PL_VICFAR_AXIS_0_0/vicfar1_mult_gen_v12_0_i2/hdl/mult_gen_v12_0_vh_rfs.vhd
Duplicated file found; will not be sent for synthesis: c:/Users/SKLTMW05/workspace/zc102_detection/zc102_detection.gen/sources_1/bd/mpsoc_preset/ip/mpsoc_preset_PL_VICFAR_AXIS_0_0/vicfar1_mult_gen_v12_0_i1/hdl/xbip_utils_v3_0_vh_rfs.vhd
Duplicated file found; will not be sent for synthesis: c:/Users/SKLTMW05/workspace/zc102_detection/zc102_detection.gen/sources_1/bd/mpsoc_preset/ip/mpsoc_preset_PL_VICFAR_AXIS_0_0/vicfar1_mult_gen_v12_0_i1/hdl/xbip_pipe_v3_0_vh_rfs.vhd
Duplicated file found; will not be sent for synthesis: c:/Users/SKLTMW05/workspace/zc102_detection/zc102_detection.gen/sources_1/bd/mpsoc_preset/ip/mpsoc_preset_PL_VICFAR_AXIS_0_0/vicfar1_mult_gen_v12_0_i1/hdl/xbip_bram18k_v3_0_vh_rfs.vhd
Duplicated file found; will not be sent for synthesis: c:/Users/SKLTMW05/workspace/zc102_detection/zc102_detection.gen/sources_1/bd/mpsoc_preset/ip/mpsoc_preset_PL_VICFAR_AXIS_0_0/vicfar1_mult_gen_v12_0_i1/hdl/mult_gen_v12_0_vh_rfs.vhd
Duplicated file found; will not be sent for synthesis: c:/Users/SKLTMW05/workspace/zc102_detection/zc102_detection.gen/sources_1/bd/mpsoc_preset/ip/mpsoc_preset_PL_VICFAR_AXIS_0_0/vicfar1_mult_gen_v12_0_i0/hdl/xbip_utils_v3_0_vh_rfs.vhd
Duplicated file found; will not be sent for synthesis: c:/Users/SKLTMW05/workspace/zc102_detection/zc102_detection.gen/sources_1/bd/mpsoc_preset/ip/mpsoc_preset_PL_VICFAR_AXIS_0_0/vicfar1_mult_gen_v12_0_i0/hdl/xbip_pipe_v3_0_vh_rfs.vhd
Duplicated file found; will not be sent for synthesis: c:/Users/SKLTMW05/workspace/zc102_detection/zc102_detection.gen/sources_1/bd/mpsoc_preset/ip/mpsoc_preset_PL_VICFAR_AXIS_0_0/vicfar1_mult_gen_v12_0_i0/hdl/xbip_bram18k_v3_0_vh_rfs.vhd
Duplicated file found; will not be sent for synthesis: c:/Users/SKLTMW05/workspace/zc102_detection/zc102_detection.gen/sources_1/bd/mpsoc_preset/ip/mpsoc_preset_PL_VICFAR_AXIS_0_0/vicfar1_mult_gen_v12_0_i0/hdl/mult_gen_v12_0_vh_rfs.vhd
Duplicated file found; will not be sent for synthesis: c:/Users/SKLTMW05/workspace/zc102_detection/zc102_detection.gen/sources_1/bd/mpsoc_preset/ip/mpsoc_preset_PL_VICFAR_AXIS_0_0/vicfar1_div_gen_v5_1_i3/hdl/xbip_utils_v3_0_vh_rfs.vhd
Duplicated file found; will not be sent for synthesis: c:/Users/SKLTMW05/workspace/zc102_detection/zc102_detection.gen/sources_1/bd/mpsoc_preset/ip/mpsoc_preset_PL_VICFAR_AXIS_0_0/vicfar1_div_gen_v5_1_i3/hdl/xbip_pipe_v3_0_vh_rfs.vhd
Duplicated file found; will not be sent for synthesis: c:/Users/SKLTMW05/workspace/zc102_detection/zc102_detection.gen/sources_1/bd/mpsoc_preset/ip/mpsoc_preset_PL_VICFAR_AXIS_0_0/vicfar1_div_gen_v5_1_i3/hdl/xbip_bram18k_v3_0_vh_rfs.vhd
Duplicated file found; will not be sent for synthesis: c:/Users/SKLTMW05/workspace/zc102_detection/zc102_detection.gen/sources_1/bd/mpsoc_preset/ip/mpsoc_preset_PL_VICFAR_AXIS_0_0/vicfar1_div_gen_v5_1_i3/hdl/mult_gen_v12_0_vh_rfs.vhd
Duplicated file found; will not be sent for synthesis: c:/Users/SKLTMW05/workspace/zc102_detection/zc102_detection.gen/sources_1/bd/mpsoc_preset/ip/mpsoc_preset_PL_VICFAR_AXIS_0_0/vicfar1_div_gen_v5_1_i2/hdl/xbip_utils_v3_0_vh_rfs.vhd
Duplicated file found; will not be sent for synthesis: c:/Users/SKLTMW05/workspace/zc102_detection/zc102_detection.gen/sources_1/bd/mpsoc_preset/ip/mpsoc_preset_PL_VICFAR_AXIS_0_0/vicfar1_div_gen_v5_1_i2/hdl/axi_utils_v2_0_vh_rfs.vhd
Duplicated file found; will not be sent for synthesis: c:/Users/SKLTMW05/workspace/zc102_detection/zc102_detection.gen/sources_1/bd/mpsoc_preset/ip/mpsoc_preset_PL_VICFAR_AXIS_0_0/vicfar1_div_gen_v5_1_i2/hdl/xbip_pipe_v3_0_vh_rfs.vhd
Duplicated file found; will not be sent for synthesis: c:/Users/SKLTMW05/workspace/zc102_detection/zc102_detection.gen/sources_1/bd/mpsoc_preset/ip/mpsoc_preset_PL_VICFAR_AXIS_0_0/vicfar1_div_gen_v5_1_i2/hdl/xbip_dsp48_wrapper_v3_0_vh_rfs.vhd
Duplicated file found; will not be sent for synthesis: c:/Users/SKLTMW05/workspace/zc102_detection/zc102_detection.gen/sources_1/bd/mpsoc_preset/ip/mpsoc_preset_PL_VICFAR_AXIS_0_0/vicfar1_div_gen_v5_1_i2/hdl/xbip_dsp48_addsub_v3_0_vh_rfs.vhd
Duplicated file found; will not be sent for synthesis: c:/Users/SKLTMW05/workspace/zc102_detection/zc102_detection.gen/sources_1/bd/mpsoc_preset/ip/mpsoc_preset_PL_VICFAR_AXIS_0_0/vicfar1_div_gen_v5_1_i2/hdl/xbip_bram18k_v3_0_vh_rfs.vhd
Duplicated file found; will not be sent for synthesis: c:/Users/SKLTMW05/workspace/zc102_detection/zc102_detection.gen/sources_1/bd/mpsoc_preset/ip/mpsoc_preset_PL_VICFAR_AXIS_0_0/vicfar1_div_gen_v5_1_i2/hdl/mult_gen_v12_0_vh_rfs.vhd
Duplicated file found; will not be sent for synthesis: c:/Users/SKLTMW05/workspace/zc102_detection/zc102_detection.gen/sources_1/bd/mpsoc_preset/ip/mpsoc_preset_PL_VICFAR_AXIS_0_0/vicfar1_div_gen_v5_1_i2/hdl/floating_point_v7_0_vh_rfs.vhd
Duplicated file found; will not be sent for synthesis: c:/Users/SKLTMW05/workspace/zc102_detection/zc102_detection.gen/sources_1/bd/mpsoc_preset/ip/mpsoc_preset_PL_VICFAR_AXIS_0_0/vicfar1_div_gen_v5_1_i2/hdl/xbip_dsp48_mult_v3_0_vh_rfs.vhd
Duplicated file found; will not be sent for synthesis: c:/Users/SKLTMW05/workspace/zc102_detection/zc102_detection.gen/sources_1/bd/mpsoc_preset/ip/mpsoc_preset_PL_VICFAR_AXIS_0_0/vicfar1_div_gen_v5_1_i2/hdl/xbip_dsp48_multadd_v3_0_vh_rfs.vhd
Duplicated file found; will not be sent for synthesis: c:/Users/SKLTMW05/workspace/zc102_detection/zc102_detection.gen/sources_1/bd/mpsoc_preset/ip/mpsoc_preset_PL_VICFAR_AXIS_0_0/vicfar1_div_gen_v5_1_i2/hdl/div_gen_v5_1_vh_rfs.vhd
Duplicated file found; will not be sent for synthesis: c:/Users/SKLTMW05/workspace/zc102_detection/zc102_detection.gen/sources_1/bd/mpsoc_preset/ip/mpsoc_preset_PL_VICFAR_AXIS_0_0/vicfar1_div_gen_v5_1_i1/hdl/xbip_utils_v3_0_vh_rfs.vhd
Duplicated file found; will not be sent for synthesis: c:/Users/SKLTMW05/workspace/zc102_detection/zc102_detection.gen/sources_1/bd/mpsoc_preset/ip/mpsoc_preset_PL_VICFAR_AXIS_0_0/vicfar1_div_gen_v5_1_i1/hdl/axi_utils_v2_0_vh_rfs.vhd
Duplicated file found; will not be sent for synthesis: c:/Users/SKLTMW05/workspace/zc102_detection/zc102_detection.gen/sources_1/bd/mpsoc_preset/ip/mpsoc_preset_PL_VICFAR_AXIS_0_0/vicfar1_div_gen_v5_1_i1/hdl/xbip_pipe_v3_0_vh_rfs.vhd
Duplicated file found; will not be sent for synthesis: c:/Users/SKLTMW05/workspace/zc102_detection/zc102_detection.gen/sources_1/bd/mpsoc_preset/ip/mpsoc_preset_PL_VICFAR_AXIS_0_0/vicfar1_div_gen_v5_1_i1/hdl/xbip_dsp48_wrapper_v3_0_vh_rfs.vhd
Duplicated file found; will not be sent for synthesis: c:/Users/SKLTMW05/workspace/zc102_detection/zc102_detection.gen/sources_1/bd/mpsoc_preset/ip/mpsoc_preset_PL_VICFAR_AXIS_0_0/vicfar1_div_gen_v5_1_i1/hdl/xbip_dsp48_addsub_v3_0_vh_rfs.vhd
Duplicated file found; will not be sent for synthesis: c:/Users/SKLTMW05/workspace/zc102_detection/zc102_detection.gen/sources_1/bd/mpsoc_preset/ip/mpsoc_preset_PL_VICFAR_AXIS_0_0/vicfar1_div_gen_v5_1_i1/hdl/xbip_bram18k_v3_0_vh_rfs.vhd
Duplicated file found; will not be sent for synthesis: c:/Users/SKLTMW05/workspace/zc102_detection/zc102_detection.gen/sources_1/bd/mpsoc_preset/ip/mpsoc_preset_PL_VICFAR_AXIS_0_0/vicfar1_div_gen_v5_1_i1/hdl/mult_gen_v12_0_vh_rfs.vhd
Duplicated file found; will not be sent for synthesis: c:/Users/SKLTMW05/workspace/zc102_detection/zc102_detection.gen/sources_1/bd/mpsoc_preset/ip/mpsoc_preset_PL_VICFAR_AXIS_0_0/vicfar1_div_gen_v5_1_i1/hdl/floating_point_v7_0_vh_rfs.vhd
Duplicated file found; will not be sent for synthesis: c:/Users/SKLTMW05/workspace/zc102_detection/zc102_detection.gen/sources_1/bd/mpsoc_preset/ip/mpsoc_preset_PL_VICFAR_AXIS_0_0/vicfar1_div_gen_v5_1_i1/hdl/xbip_dsp48_mult_v3_0_vh_rfs.vhd
Duplicated file found; will not be sent for synthesis: c:/Users/SKLTMW05/workspace/zc102_detection/zc102_detection.gen/sources_1/bd/mpsoc_preset/ip/mpsoc_preset_PL_VICFAR_AXIS_0_0/vicfar1_div_gen_v5_1_i1/hdl/xbip_dsp48_multadd_v3_0_vh_rfs.vhd
Duplicated file found; will not be sent for synthesis: c:/Users/SKLTMW05/workspace/zc102_detection/zc102_detection.gen/sources_1/bd/mpsoc_preset/ip/mpsoc_preset_PL_VICFAR_AXIS_0_0/vicfar1_div_gen_v5_1_i1/hdl/div_gen_v5_1_vh_rfs.vhd
Duplicated file found; will not be sent for synthesis: c:/Users/SKLTMW05/workspace/zc102_detection/zc102_detection.gen/sources_1/bd/mpsoc_preset/ip/mpsoc_preset_PL_VICFAR_AXIS_0_0/vicfar1_div_gen_v5_1_i0/hdl/xbip_utils_v3_0_vh_rfs.vhd
Duplicated file found; will not be sent for synthesis: c:/Users/SKLTMW05/workspace/zc102_detection/zc102_detection.gen/sources_1/bd/mpsoc_preset/ip/mpsoc_preset_PL_VICFAR_AXIS_0_0/vicfar1_div_gen_v5_1_i0/hdl/axi_utils_v2_0_vh_rfs.vhd
Duplicated file found; will not be sent for synthesis: c:/Users/SKLTMW05/workspace/zc102_detection/zc102_detection.gen/sources_1/bd/mpsoc_preset/ip/mpsoc_preset_PL_VICFAR_AXIS_0_0/vicfar1_div_gen_v5_1_i0/hdl/xbip_pipe_v3_0_vh_rfs.vhd
Duplicated file found; will not be sent for synthesis: c:/Users/SKLTMW05/workspace/zc102_detection/zc102_detection.gen/sources_1/bd/mpsoc_preset/ip/mpsoc_preset_PL_VICFAR_AXIS_0_0/vicfar1_div_gen_v5_1_i0/hdl/xbip_dsp48_wrapper_v3_0_vh_rfs.vhd
Duplicated file found; will not be sent for synthesis: c:/Users/SKLTMW05/workspace/zc102_detection/zc102_detection.gen/sources_1/bd/mpsoc_preset/ip/mpsoc_preset_PL_VICFAR_AXIS_0_0/vicfar1_div_gen_v5_1_i0/hdl/xbip_dsp48_addsub_v3_0_vh_rfs.vhd
Duplicated file found; will not be sent for synthesis: c:/Users/SKLTMW05/workspace/zc102_detection/zc102_detection.gen/sources_1/bd/mpsoc_preset/ip/mpsoc_preset_PL_VICFAR_AXIS_0_0/vicfar1_div_gen_v5_1_i0/hdl/xbip_bram18k_v3_0_vh_rfs.vhd
Duplicated file found; will not be sent for synthesis: c:/Users/SKLTMW05/workspace/zc102_detection/zc102_detection.gen/sources_1/bd/mpsoc_preset/ip/mpsoc_preset_PL_VICFAR_AXIS_0_0/vicfar1_div_gen_v5_1_i0/hdl/mult_gen_v12_0_vh_rfs.vhd
Duplicated file found; will not be sent for synthesis: c:/Users/SKLTMW05/workspace/zc102_detection/zc102_detection.gen/sources_1/bd/mpsoc_preset/ip/mpsoc_preset_PL_VICFAR_AXIS_0_0/vicfar1_div_gen_v5_1_i0/hdl/floating_point_v7_0_vh_rfs.vhd
Duplicated file found; will not be sent for synthesis: c:/Users/SKLTMW05/workspace/zc102_detection/zc102_detection.gen/sources_1/bd/mpsoc_preset/ip/mpsoc_preset_PL_VICFAR_AXIS_0_0/vicfar1_div_gen_v5_1_i0/hdl/xbip_dsp48_mult_v3_0_vh_rfs.vhd
Duplicated file found; will not be sent for synthesis: c:/Users/SKLTMW05/workspace/zc102_detection/zc102_detection.gen/sources_1/bd/mpsoc_preset/ip/mpsoc_preset_PL_VICFAR_AXIS_0_0/vicfar1_div_gen_v5_1_i0/hdl/xbip_dsp48_multadd_v3_0_vh_rfs.vhd
Duplicated file found; will not be sent for synthesis: c:/Users/SKLTMW05/workspace/zc102_detection/zc102_detection.gen/sources_1/bd/mpsoc_preset/ip/mpsoc_preset_PL_VICFAR_AXIS_0_0/vicfar1_div_gen_v5_1_i0/hdl/div_gen_v5_1_vh_rfs.vhd
Duplicated file found; will not be sent for synthesis: c:/Users/SKLTMW05/workspace/zc102_detection/zc102_detection.gen/sources_1/bd/mpsoc_preset/ip/mpsoc_preset_PL_VICFAR_AXIS_0_0/vicfar1_c_counter_binary_v12_0_i0/hdl/xbip_utils_v3_0_vh_rfs.vhd
Duplicated file found; will not be sent for synthesis: c:/Users/SKLTMW05/workspace/zc102_detection/zc102_detection.gen/sources_1/bd/mpsoc_preset/ip/mpsoc_preset_PL_VICFAR_AXIS_0_0/vicfar1_c_counter_binary_v12_0_i0/hdl/xbip_dsp48_wrapper_v3_0_vh_rfs.vhd
Duplicated file found; will not be sent for synthesis: c:/Users/SKLTMW05/workspace/zc102_detection/zc102_detection.gen/sources_1/bd/mpsoc_preset/ip/mpsoc_preset_PL_VICFAR_AXIS_0_0/vicfar1_c_counter_binary_v12_0_i0/hdl/xbip_pipe_v3_0_vh_rfs.vhd
Duplicated file found; will not be sent for synthesis: c:/Users/SKLTMW05/workspace/zc102_detection/zc102_detection.gen/sources_1/bd/mpsoc_preset/ip/mpsoc_preset_PL_VICFAR_AXIS_0_0/vicfar1_c_counter_binary_v12_0_i0/hdl/xbip_dsp48_addsub_v3_0_vh_rfs.vhd
Duplicated file found; will not be sent for synthesis: c:/Users/SKLTMW05/workspace/zc102_detection/zc102_detection.gen/sources_1/bd/mpsoc_preset/ip/mpsoc_preset_PL_VICFAR_AXIS_0_0/vicfar1_c_addsub_v12_0_i8/hdl/xbip_utils_v3_0_vh_rfs.vhd
Duplicated file found; will not be sent for synthesis: c:/Users/SKLTMW05/workspace/zc102_detection/zc102_detection.gen/sources_1/bd/mpsoc_preset/ip/mpsoc_preset_PL_VICFAR_AXIS_0_0/vicfar1_c_addsub_v12_0_i8/hdl/c_reg_fd_v12_0_vh_rfs.vhd
Duplicated file found; will not be sent for synthesis: c:/Users/SKLTMW05/workspace/zc102_detection/zc102_detection.gen/sources_1/bd/mpsoc_preset/ip/mpsoc_preset_PL_VICFAR_AXIS_0_0/vicfar1_c_addsub_v12_0_i8/hdl/xbip_dsp48_wrapper_v3_0_vh_rfs.vhd
Duplicated file found; will not be sent for synthesis: c:/Users/SKLTMW05/workspace/zc102_detection/zc102_detection.gen/sources_1/bd/mpsoc_preset/ip/mpsoc_preset_PL_VICFAR_AXIS_0_0/vicfar1_c_addsub_v12_0_i8/hdl/xbip_pipe_v3_0_vh_rfs.vhd
Duplicated file found; will not be sent for synthesis: c:/Users/SKLTMW05/workspace/zc102_detection/zc102_detection.gen/sources_1/bd/mpsoc_preset/ip/mpsoc_preset_PL_VICFAR_AXIS_0_0/vicfar1_c_addsub_v12_0_i8/hdl/xbip_dsp48_addsub_v3_0_vh_rfs.vhd
Duplicated file found; will not be sent for synthesis: c:/Users/SKLTMW05/workspace/zc102_detection/zc102_detection.gen/sources_1/bd/mpsoc_preset/ip/mpsoc_preset_PL_VICFAR_AXIS_0_0/vicfar1_c_addsub_v12_0_i8/hdl/xbip_addsub_v3_0_vh_rfs.vhd
Duplicated file found; will not be sent for synthesis: c:/Users/SKLTMW05/workspace/zc102_detection/zc102_detection.gen/sources_1/bd/mpsoc_preset/ip/mpsoc_preset_PL_VICFAR_AXIS_0_0/vicfar1_c_addsub_v12_0_i8/hdl/c_addsub_v12_0_vh_rfs.vhd
Duplicated file found; will not be sent for synthesis: c:/Users/SKLTMW05/workspace/zc102_detection/zc102_detection.gen/sources_1/bd/mpsoc_preset/ip/mpsoc_preset_PL_VICFAR_AXIS_0_0/vicfar1_c_addsub_v12_0_i7/hdl/xbip_utils_v3_0_vh_rfs.vhd
Duplicated file found; will not be sent for synthesis: c:/Users/SKLTMW05/workspace/zc102_detection/zc102_detection.gen/sources_1/bd/mpsoc_preset/ip/mpsoc_preset_PL_VICFAR_AXIS_0_0/vicfar1_c_addsub_v12_0_i7/hdl/c_reg_fd_v12_0_vh_rfs.vhd
Duplicated file found; will not be sent for synthesis: c:/Users/SKLTMW05/workspace/zc102_detection/zc102_detection.gen/sources_1/bd/mpsoc_preset/ip/mpsoc_preset_PL_VICFAR_AXIS_0_0/vicfar1_c_addsub_v12_0_i7/hdl/xbip_dsp48_wrapper_v3_0_vh_rfs.vhd
Duplicated file found; will not be sent for synthesis: c:/Users/SKLTMW05/workspace/zc102_detection/zc102_detection.gen/sources_1/bd/mpsoc_preset/ip/mpsoc_preset_PL_VICFAR_AXIS_0_0/vicfar1_c_addsub_v12_0_i7/hdl/xbip_pipe_v3_0_vh_rfs.vhd
Duplicated file found; will not be sent for synthesis: c:/Users/SKLTMW05/workspace/zc102_detection/zc102_detection.gen/sources_1/bd/mpsoc_preset/ip/mpsoc_preset_PL_VICFAR_AXIS_0_0/vicfar1_c_addsub_v12_0_i7/hdl/xbip_dsp48_addsub_v3_0_vh_rfs.vhd
Duplicated file found; will not be sent for synthesis: c:/Users/SKLTMW05/workspace/zc102_detection/zc102_detection.gen/sources_1/bd/mpsoc_preset/ip/mpsoc_preset_PL_VICFAR_AXIS_0_0/vicfar1_c_addsub_v12_0_i7/hdl/xbip_addsub_v3_0_vh_rfs.vhd
Duplicated file found; will not be sent for synthesis: c:/Users/SKLTMW05/workspace/zc102_detection/zc102_detection.gen/sources_1/bd/mpsoc_preset/ip/mpsoc_preset_PL_VICFAR_AXIS_0_0/vicfar1_c_addsub_v12_0_i7/hdl/c_addsub_v12_0_vh_rfs.vhd
Duplicated file found; will not be sent for synthesis: c:/Users/SKLTMW05/workspace/zc102_detection/zc102_detection.gen/sources_1/bd/mpsoc_preset/ip/mpsoc_preset_PL_VICFAR_AXIS_0_0/vicfar1_c_addsub_v12_0_i6/hdl/xbip_utils_v3_0_vh_rfs.vhd
Duplicated file found; will not be sent for synthesis: c:/Users/SKLTMW05/workspace/zc102_detection/zc102_detection.gen/sources_1/bd/mpsoc_preset/ip/mpsoc_preset_PL_VICFAR_AXIS_0_0/vicfar1_c_addsub_v12_0_i6/hdl/c_reg_fd_v12_0_vh_rfs.vhd
Duplicated file found; will not be sent for synthesis: c:/Users/SKLTMW05/workspace/zc102_detection/zc102_detection.gen/sources_1/bd/mpsoc_preset/ip/mpsoc_preset_PL_VICFAR_AXIS_0_0/vicfar1_c_addsub_v12_0_i6/hdl/xbip_dsp48_wrapper_v3_0_vh_rfs.vhd
Duplicated file found; will not be sent for synthesis: c:/Users/SKLTMW05/workspace/zc102_detection/zc102_detection.gen/sources_1/bd/mpsoc_preset/ip/mpsoc_preset_PL_VICFAR_AXIS_0_0/vicfar1_c_addsub_v12_0_i6/hdl/xbip_pipe_v3_0_vh_rfs.vhd
Duplicated file found; will not be sent for synthesis: c:/Users/SKLTMW05/workspace/zc102_detection/zc102_detection.gen/sources_1/bd/mpsoc_preset/ip/mpsoc_preset_PL_VICFAR_AXIS_0_0/vicfar1_c_addsub_v12_0_i6/hdl/xbip_dsp48_addsub_v3_0_vh_rfs.vhd
Duplicated file found; will not be sent for synthesis: c:/Users/SKLTMW05/workspace/zc102_detection/zc102_detection.gen/sources_1/bd/mpsoc_preset/ip/mpsoc_preset_PL_VICFAR_AXIS_0_0/vicfar1_c_addsub_v12_0_i6/hdl/xbip_addsub_v3_0_vh_rfs.vhd
Duplicated file found; will not be sent for synthesis: c:/Users/SKLTMW05/workspace/zc102_detection/zc102_detection.gen/sources_1/bd/mpsoc_preset/ip/mpsoc_preset_PL_VICFAR_AXIS_0_0/vicfar1_c_addsub_v12_0_i6/hdl/c_addsub_v12_0_vh_rfs.vhd
Duplicated file found; will not be sent for synthesis: c:/Users/SKLTMW05/workspace/zc102_detection/zc102_detection.gen/sources_1/bd/mpsoc_preset/ip/mpsoc_preset_PL_VICFAR_AXIS_0_0/vicfar1_c_addsub_v12_0_i5/hdl/xbip_utils_v3_0_vh_rfs.vhd
Duplicated file found; will not be sent for synthesis: c:/Users/SKLTMW05/workspace/zc102_detection/zc102_detection.gen/sources_1/bd/mpsoc_preset/ip/mpsoc_preset_PL_VICFAR_AXIS_0_0/vicfar1_c_addsub_v12_0_i5/hdl/c_reg_fd_v12_0_vh_rfs.vhd
Duplicated file found; will not be sent for synthesis: c:/Users/SKLTMW05/workspace/zc102_detection/zc102_detection.gen/sources_1/bd/mpsoc_preset/ip/mpsoc_preset_PL_VICFAR_AXIS_0_0/vicfar1_c_addsub_v12_0_i5/hdl/xbip_dsp48_wrapper_v3_0_vh_rfs.vhd
Duplicated file found; will not be sent for synthesis: c:/Users/SKLTMW05/workspace/zc102_detection/zc102_detection.gen/sources_1/bd/mpsoc_preset/ip/mpsoc_preset_PL_VICFAR_AXIS_0_0/vicfar1_c_addsub_v12_0_i5/hdl/xbip_pipe_v3_0_vh_rfs.vhd
Duplicated file found; will not be sent for synthesis: c:/Users/SKLTMW05/workspace/zc102_detection/zc102_detection.gen/sources_1/bd/mpsoc_preset/ip/mpsoc_preset_PL_VICFAR_AXIS_0_0/vicfar1_c_addsub_v12_0_i5/hdl/xbip_dsp48_addsub_v3_0_vh_rfs.vhd
Duplicated file found; will not be sent for synthesis: c:/Users/SKLTMW05/workspace/zc102_detection/zc102_detection.gen/sources_1/bd/mpsoc_preset/ip/mpsoc_preset_PL_VICFAR_AXIS_0_0/vicfar1_c_addsub_v12_0_i5/hdl/xbip_addsub_v3_0_vh_rfs.vhd
Duplicated file found; will not be sent for synthesis: c:/Users/SKLTMW05/workspace/zc102_detection/zc102_detection.gen/sources_1/bd/mpsoc_preset/ip/mpsoc_preset_PL_VICFAR_AXIS_0_0/vicfar1_c_addsub_v12_0_i5/hdl/c_addsub_v12_0_vh_rfs.vhd
Duplicated file found; will not be sent for synthesis: c:/Users/SKLTMW05/workspace/zc102_detection/zc102_detection.gen/sources_1/bd/mpsoc_preset/ip/mpsoc_preset_PL_VICFAR_AXIS_0_0/vicfar1_c_addsub_v12_0_i4/hdl/xbip_utils_v3_0_vh_rfs.vhd
Duplicated file found; will not be sent for synthesis: c:/Users/SKLTMW05/workspace/zc102_detection/zc102_detection.gen/sources_1/bd/mpsoc_preset/ip/mpsoc_preset_PL_VICFAR_AXIS_0_0/vicfar1_c_addsub_v12_0_i4/hdl/c_reg_fd_v12_0_vh_rfs.vhd
Duplicated file found; will not be sent for synthesis: c:/Users/SKLTMW05/workspace/zc102_detection/zc102_detection.gen/sources_1/bd/mpsoc_preset/ip/mpsoc_preset_PL_VICFAR_AXIS_0_0/vicfar1_c_addsub_v12_0_i4/hdl/xbip_dsp48_wrapper_v3_0_vh_rfs.vhd
Duplicated file found; will not be sent for synthesis: c:/Users/SKLTMW05/workspace/zc102_detection/zc102_detection.gen/sources_1/bd/mpsoc_preset/ip/mpsoc_preset_PL_VICFAR_AXIS_0_0/vicfar1_c_addsub_v12_0_i4/hdl/xbip_pipe_v3_0_vh_rfs.vhd
Duplicated file found; will not be sent for synthesis: c:/Users/SKLTMW05/workspace/zc102_detection/zc102_detection.gen/sources_1/bd/mpsoc_preset/ip/mpsoc_preset_PL_VICFAR_AXIS_0_0/vicfar1_c_addsub_v12_0_i4/hdl/xbip_dsp48_addsub_v3_0_vh_rfs.vhd
Duplicated file found; will not be sent for synthesis: c:/Users/SKLTMW05/workspace/zc102_detection/zc102_detection.gen/sources_1/bd/mpsoc_preset/ip/mpsoc_preset_PL_VICFAR_AXIS_0_0/vicfar1_c_addsub_v12_0_i4/hdl/xbip_addsub_v3_0_vh_rfs.vhd
Duplicated file found; will not be sent for synthesis: c:/Users/SKLTMW05/workspace/zc102_detection/zc102_detection.gen/sources_1/bd/mpsoc_preset/ip/mpsoc_preset_PL_VICFAR_AXIS_0_0/vicfar1_c_addsub_v12_0_i4/hdl/c_addsub_v12_0_vh_rfs.vhd
Duplicated file found; will not be sent for synthesis: c:/Users/SKLTMW05/workspace/zc102_detection/zc102_detection.gen/sources_1/bd/mpsoc_preset/ip/mpsoc_preset_PL_VICFAR_AXIS_0_0/vicfar1_c_addsub_v12_0_i3/hdl/xbip_utils_v3_0_vh_rfs.vhd
Duplicated file found; will not be sent for synthesis: c:/Users/SKLTMW05/workspace/zc102_detection/zc102_detection.gen/sources_1/bd/mpsoc_preset/ip/mpsoc_preset_PL_VICFAR_AXIS_0_0/vicfar1_c_addsub_v12_0_i3/hdl/c_reg_fd_v12_0_vh_rfs.vhd
Duplicated file found; will not be sent for synthesis: c:/Users/SKLTMW05/workspace/zc102_detection/zc102_detection.gen/sources_1/bd/mpsoc_preset/ip/mpsoc_preset_PL_VICFAR_AXIS_0_0/vicfar1_c_addsub_v12_0_i3/hdl/xbip_dsp48_wrapper_v3_0_vh_rfs.vhd
Duplicated file found; will not be sent for synthesis: c:/Users/SKLTMW05/workspace/zc102_detection/zc102_detection.gen/sources_1/bd/mpsoc_preset/ip/mpsoc_preset_PL_VICFAR_AXIS_0_0/vicfar1_c_addsub_v12_0_i3/hdl/xbip_pipe_v3_0_vh_rfs.vhd
Duplicated file found; will not be sent for synthesis: c:/Users/SKLTMW05/workspace/zc102_detection/zc102_detection.gen/sources_1/bd/mpsoc_preset/ip/mpsoc_preset_PL_VICFAR_AXIS_0_0/vicfar1_c_addsub_v12_0_i3/hdl/xbip_dsp48_addsub_v3_0_vh_rfs.vhd
Duplicated file found; will not be sent for synthesis: c:/Users/SKLTMW05/workspace/zc102_detection/zc102_detection.gen/sources_1/bd/mpsoc_preset/ip/mpsoc_preset_PL_VICFAR_AXIS_0_0/vicfar1_c_addsub_v12_0_i3/hdl/xbip_addsub_v3_0_vh_rfs.vhd
Duplicated file found; will not be sent for synthesis: c:/Users/SKLTMW05/workspace/zc102_detection/zc102_detection.gen/sources_1/bd/mpsoc_preset/ip/mpsoc_preset_PL_VICFAR_AXIS_0_0/vicfar1_c_addsub_v12_0_i3/hdl/c_addsub_v12_0_vh_rfs.vhd
Duplicated file found; will not be sent for synthesis: c:/Users/SKLTMW05/workspace/zc102_detection/zc102_detection.gen/sources_1/bd/mpsoc_preset/ip/mpsoc_preset_PL_VICFAR_AXIS_0_0/vicfar1_c_addsub_v12_0_i2/hdl/xbip_utils_v3_0_vh_rfs.vhd
Duplicated file found; will not be sent for synthesis: c:/Users/SKLTMW05/workspace/zc102_detection/zc102_detection.gen/sources_1/bd/mpsoc_preset/ip/mpsoc_preset_PL_VICFAR_AXIS_0_0/vicfar1_c_addsub_v12_0_i2/hdl/c_reg_fd_v12_0_vh_rfs.vhd
Duplicated file found; will not be sent for synthesis: c:/Users/SKLTMW05/workspace/zc102_detection/zc102_detection.gen/sources_1/bd/mpsoc_preset/ip/mpsoc_preset_PL_VICFAR_AXIS_0_0/vicfar1_c_addsub_v12_0_i2/hdl/xbip_dsp48_wrapper_v3_0_vh_rfs.vhd
Duplicated file found; will not be sent for synthesis: c:/Users/SKLTMW05/workspace/zc102_detection/zc102_detection.gen/sources_1/bd/mpsoc_preset/ip/mpsoc_preset_PL_VICFAR_AXIS_0_0/vicfar1_c_addsub_v12_0_i2/hdl/xbip_pipe_v3_0_vh_rfs.vhd
Duplicated file found; will not be sent for synthesis: c:/Users/SKLTMW05/workspace/zc102_detection/zc102_detection.gen/sources_1/bd/mpsoc_preset/ip/mpsoc_preset_PL_VICFAR_AXIS_0_0/vicfar1_c_addsub_v12_0_i2/hdl/xbip_dsp48_addsub_v3_0_vh_rfs.vhd
Duplicated file found; will not be sent for synthesis: c:/Users/SKLTMW05/workspace/zc102_detection/zc102_detection.gen/sources_1/bd/mpsoc_preset/ip/mpsoc_preset_PL_VICFAR_AXIS_0_0/vicfar1_c_addsub_v12_0_i2/hdl/xbip_addsub_v3_0_vh_rfs.vhd
Duplicated file found; will not be sent for synthesis: c:/Users/SKLTMW05/workspace/zc102_detection/zc102_detection.gen/sources_1/bd/mpsoc_preset/ip/mpsoc_preset_PL_VICFAR_AXIS_0_0/vicfar1_c_addsub_v12_0_i2/hdl/c_addsub_v12_0_vh_rfs.vhd
Duplicated file found; will not be sent for synthesis: c:/Users/SKLTMW05/workspace/zc102_detection/zc102_detection.gen/sources_1/bd/mpsoc_preset/ip/mpsoc_preset_PL_VICFAR_AXIS_0_0/vicfar1_c_addsub_v12_0_i1/hdl/xbip_utils_v3_0_vh_rfs.vhd
Duplicated file found; will not be sent for synthesis: c:/Users/SKLTMW05/workspace/zc102_detection/zc102_detection.gen/sources_1/bd/mpsoc_preset/ip/mpsoc_preset_PL_VICFAR_AXIS_0_0/vicfar1_c_addsub_v12_0_i1/hdl/c_reg_fd_v12_0_vh_rfs.vhd
Duplicated file found; will not be sent for synthesis: c:/Users/SKLTMW05/workspace/zc102_detection/zc102_detection.gen/sources_1/bd/mpsoc_preset/ip/mpsoc_preset_PL_VICFAR_AXIS_0_0/vicfar1_c_addsub_v12_0_i1/hdl/xbip_dsp48_wrapper_v3_0_vh_rfs.vhd
Duplicated file found; will not be sent for synthesis: c:/Users/SKLTMW05/workspace/zc102_detection/zc102_detection.gen/sources_1/bd/mpsoc_preset/ip/mpsoc_preset_PL_VICFAR_AXIS_0_0/vicfar1_c_addsub_v12_0_i1/hdl/xbip_pipe_v3_0_vh_rfs.vhd
Duplicated file found; will not be sent for synthesis: c:/Users/SKLTMW05/workspace/zc102_detection/zc102_detection.gen/sources_1/bd/mpsoc_preset/ip/mpsoc_preset_PL_VICFAR_AXIS_0_0/vicfar1_c_addsub_v12_0_i1/hdl/xbip_dsp48_addsub_v3_0_vh_rfs.vhd
Duplicated file found; will not be sent for synthesis: c:/Users/SKLTMW05/workspace/zc102_detection/zc102_detection.gen/sources_1/bd/mpsoc_preset/ip/mpsoc_preset_PL_VICFAR_AXIS_0_0/vicfar1_c_addsub_v12_0_i1/hdl/xbip_addsub_v3_0_vh_rfs.vhd
Duplicated file found; will not be sent for synthesis: c:/Users/SKLTMW05/workspace/zc102_detection/zc102_detection.gen/sources_1/bd/mpsoc_preset/ip/mpsoc_preset_PL_VICFAR_AXIS_0_0/vicfar1_c_addsub_v12_0_i1/hdl/c_addsub_v12_0_vh_rfs.vhd
Duplicated file found; will not be sent for synthesis: c:/Users/SKLTMW05/workspace/zc102_detection/zc102_detection.gen/sources_1/bd/mpsoc_preset/ip/mpsoc_preset_PL_VICFAR_AXIS_0_0/vicfar1_c_addsub_v12_0_i0/hdl/xbip_utils_v3_0_vh_rfs.vhd
Duplicated file found; will not be sent for synthesis: c:/Users/SKLTMW05/workspace/zc102_detection/zc102_detection.gen/sources_1/bd/mpsoc_preset/ip/mpsoc_preset_PL_VICFAR_AXIS_0_0/vicfar1_c_addsub_v12_0_i0/hdl/c_reg_fd_v12_0_vh_rfs.vhd
Duplicated file found; will not be sent for synthesis: c:/Users/SKLTMW05/workspace/zc102_detection/zc102_detection.gen/sources_1/bd/mpsoc_preset/ip/mpsoc_preset_PL_VICFAR_AXIS_0_0/vicfar1_c_addsub_v12_0_i0/hdl/xbip_dsp48_wrapper_v3_0_vh_rfs.vhd
Duplicated file found; will not be sent for synthesis: c:/Users/SKLTMW05/workspace/zc102_detection/zc102_detection.gen/sources_1/bd/mpsoc_preset/ip/mpsoc_preset_PL_VICFAR_AXIS_0_0/vicfar1_c_addsub_v12_0_i0/hdl/xbip_pipe_v3_0_vh_rfs.vhd
Duplicated file found; will not be sent for synthesis: c:/Users/SKLTMW05/workspace/zc102_detection/zc102_detection.gen/sources_1/bd/mpsoc_preset/ip/mpsoc_preset_PL_VICFAR_AXIS_0_0/vicfar1_c_addsub_v12_0_i0/hdl/xbip_dsp48_addsub_v3_0_vh_rfs.vhd
Duplicated file found; will not be sent for synthesis: c:/Users/SKLTMW05/workspace/zc102_detection/zc102_detection.gen/sources_1/bd/mpsoc_preset/ip/mpsoc_preset_PL_VICFAR_AXIS_0_0/vicfar1_c_addsub_v12_0_i0/hdl/xbip_addsub_v3_0_vh_rfs.vhd
Duplicated file found; will not be sent for synthesis: c:/Users/SKLTMW05/workspace/zc102_detection/zc102_detection.gen/sources_1/bd/mpsoc_preset/ip/mpsoc_preset_PL_VICFAR_AXIS_0_0/vicfar1_c_addsub_v12_0_i0/hdl/c_addsub_v12_0_vh_rfs.vhd
CRC performance measure: elapsed=00:00:06s;;memory_peak=2446.277MB;;memory_gain=0.000MB
